src/api/baseTypes.ts(1,16): error TS7016: Could not find a declaration file for module 'qs'. 'D:/GitHub/Quilibrium/quorum-desktop/node_modules/qs/lib/index.js' implicitly has an 'any' type.
  Try `npm i --save-dev @types/qs` if it exists or add a new declaration (.d.ts) file containing `declare module 'qs';`
src/api/quorumApi.ts(1,1): error TS6133: 'getConfig' is declared but its value is never read.
src/App.tsx(111,23): error TS2322: Type '{ displayName: string; state: string; status: string; userIcon: string; address: string; } | undefined' is not assignable to type '{ displayName: string; state: string; status: string; userIcon: string; address: string; }'.
  Type 'undefined' is not assignable to type '{ displayName: string; state: string; status: string; userIcon: string; address: string; }'.
src/components/Connecting.tsx(1,1): error TS6133: 'React' is declared but its value is never read.
src/components/context/MessageDB.bak.tsx(6,3): error TS6133: 'useContext' is declared but its value is never read.
src/components/context/MessageDB.bak.tsx(62,1): error TS6133: 'Callout' is declared but its value is never read.
src/components/context/MessageDB.bak.tsx(489,45): error TS6133: 'index' is declared but its value is never read.
src/components/context/MessageDB.bak.tsx(540,45): error TS6133: 'index' is declared but its value is never read.
src/components/context/MessageDB.bak.tsx(660,47): error TS6133: 'index' is declared but its value is never read.
src/components/context/MessageDB.bak.tsx(3602,37): error TS2345: Argument of type 'Space | null' is not assignable to parameter of type 'Space | undefined'.
  Type 'null' is not assignable to type 'Space | undefined'.
src/components/context/MessageDB.bak.tsx(4238,53): error TS6133: 'oldData' is declared but its value is never read.
src/components/context/MessageDB.tsx(38,3): error TS6133: 'EmbedMessage' is declared but its value is never read.
src/components/context/MessageDB.tsx(40,3): error TS6133: 'PostMessage' is declared but its value is never read.
src/components/context/MessageDB.tsx(41,3): error TS6133: 'ReactionMessage' is declared but its value is never read.
src/components/context/MessageDB.tsx(42,3): error TS6133: 'RemoveMessage' is declared but its value is never read.
src/components/context/MessageDB.tsx(43,3): error TS6133: 'RemoveReactionMessage' is declared but its value is never read.
src/components/context/MessageDB.tsx(45,3): error TS6133: 'StickerMessage' is declared but its value is never read.
src/components/context/MessageDB.tsx(57,1): error TS6133: 'canonicalize' is declared but its value is never read.
src/components/context/MessageDB.tsx(58,1): error TS6133: 't' is declared but its value is never read.
src/components/context/MobileProvider.tsx(6,3): error TS6133: 'useState' is declared but its value is never read.
src/components/context/ModalProvider.tsx(73,3): error TS6133: 'user' is declared but its value is never read.
src/components/context/QuorumApiContext.tsx(9,8): error TS6133: 'React' is declared but its value is never read.
src/components/context/RegistrationPersister.tsx(1,8): error TS6133: 'React' is declared but its value is never read.
src/components/context/RegistrationPersister.tsx(5,3): error TS6133: 'useContext' is declared but its value is never read.
src/components/context/SidebarProvider.tsx(4,11): error TS6196: 'SidebarState' is declared but never used.
src/components/context/WebsocketProvider.tsx(8,1): error TS6133: 'useQuorumApiClient' is declared but its value is never read.
src/components/direct/DirectMessages.tsx(60,29): error TS6133: 'isNewDirectMessageOpen' is declared but its value is never read.
src/components/direct/DirectMessages.tsx(60,53): error TS6133: 'closeNewDirectMessage' is declared but its value is never read.
src/components/Layout.tsx(34,9): error TS6198: All destructured elements are unused.
src/components/Maintenance.native.tsx(1,1): error TS6133: 'React' is declared but its value is never read.
src/components/Maintenance.tsx(1,1): error TS6133: 'React' is declared but its value is never read.
src/components/message/ActionMenuItem.tsx(2,33): error TS2307: Cannot find module '@fortawesome/react-fontawesome' or its corresponding type declarations.
src/components/message/ActionMenuItem.tsx(3,32): error TS2307: Cannot find module '@fortawesome/fontawesome-svg-core' or its corresponding type declarations.
src/components/message/EmojiPickerDrawer.tsx(49,34): error TS6133: 'style' is declared but its value is never read.
src/components/message/Message.tsx(1,49): error TS6133: 'useRef' is declared but its value is never read.
src/components/message/Message.tsx(1,57): error TS6133: 'useEffect' is declared but its value is never read.
src/components/message/Message.tsx(26,3): error TS6133: 'FlexCenter' is declared but its value is never read.
src/components/message/Message.tsx(29,3): error TS6133: 'Button' is declared but its value is never read.
src/components/message/Message.tsx(53,1): error TS6133: 'buildMessagesKey' is declared but its value is never read.
src/components/message/Message.tsx(54,1): error TS6133: 'InfiniteData' is declared but its value is never read.
src/components/message/Message.tsx(56,1): error TS6133: 'DefaultImages' is declared but its value is never read.
src/components/message/Message.tsx(132,5): error TS6133: 'repudiability' is declared but its value is never read.
src/components/message/Message.tsx(145,11): error TS6133: 'queryClient' is declared but its value is never read.
src/components/message/Message.tsx(146,11): error TS6133: 'messageDB' is declared but its value is never read.
src/components/message/Message.tsx(175,27): error TS6133: 'msg' is declared but its value is never read.
src/components/message/Message.tsx(843,33): error TS6133: 'gifMaxWidth' is declared but its value is never read.
src/components/message/Message.tsx(936,25): error TS6133: 'isStickerGif' is declared but its value is never read.
src/components/message/Message.tsx(942,25): error TS6133: 'stickerGifMaxWidth' is declared but its value is never read.
src/components/message/MessageActions.tsx(8,7): error TS6133: 'MESSAGE_ACTIONS_CONFIG' is declared but its value is never read.
src/components/message/MessageActionsDrawer.tsx(5,18): error TS6133: 'Icon' is declared but its value is never read.
src/components/message/MessageActionsDrawer.tsx(5,24): error TS6133: 'Text' is declared but its value is never read.
src/components/message/MessageComposer.tsx(5,1): error TS6133: 'Buffer' is declared but its value is never read.
src/components/message/MessageComposer.tsx(9,1): error TS6133: 'DefaultImages' is declared but its value is never read.
src/components/message/MessageComposer.tsx(86,7): error TS6133: 'calculateRows' is declared but its value is never read.
src/components/message/MessageComposer.tsx(115,13): error TS6133: 'isMobile' is declared but its value is never read.
src/components/message/MessageEditTextarea.tsx(1,8): error TS6133: 'React' is declared but its value is never read.
src/components/message/MessageList.tsx(9,3): error TS6133: 'useMemo' is declared but its value is never read.
src/components/message/MessageList.tsx(12,1): error TS6133: 'moment' is declared but its value is never read.
src/components/message/MessageList.tsx(122,12): error TS6133: 'width' is declared but its value is never read.
src/components/message/MessageMarkdownRenderer.tsx(14,3): error TS6133: 'isYouTubeURL' is declared but its value is never read.
src/components/message/MessageMarkdownRenderer.tsx(17,3): error TS6133: 'YOUTUBE_URL_DETECTION_REGEX' is declared but its value is never read.
src/components/message/MessageMarkdownRenderer.tsx(161,69): error TS6133: 'index' is declared but its value is never read.
src/components/message/MessageMarkdownRenderer.tsx(207,68): error TS6133: 'match' is declared but its value is never read.
src/components/message/MessageMarkdownRenderer.tsx(261,27): error TS6133: 'props' is declared but its value is never read.
src/components/message/MessageMarkdownRenderer.tsx(375,26): error TS6133: 'props' is declared but its value is never read.
src/components/message/MessageTextInput.native.tsx(1,8): error TS6133: 'React' is declared but its value is never read.
src/components/message/QuickReactionButton.tsx(23,9): error TS6133: 'reactionCount' is declared but its value is never read.
src/components/modals/AddSpaceModal.tsx(7,3): error TS6133: 'FlexCenter' is declared but its value is never read.
src/components/modals/ChannelEditorModal.tsx(204,27): error TS7006: Parameter 'e' implicitly has an 'any' type.
src/components/modals/ConfirmationModal.native.tsx(2,76): error TS6133: 'Icon' is declared but its value is never read.
src/components/modals/ConfirmationModal.tsx(34,3): error TS6133: 'busy' is declared but its value is never read.
src/components/modals/ConversationSettingsModal.tsx(140,50): error TS2345: Argument of type '{ credentialId: string; address: string; publicKey: string; displayName?: string | undefined; pfpUrl?: string | undefined; completedOnboarding: boolean; } | undefined' is not assignable to parameter of type '{ credentialId: string; address: string; publicKey: string; displayName?: string | undefined; pfpUrl?: string | undefined; completedOnboarding: boolean; }'.
  Type 'undefined' is not assignable to type '{ credentialId: string; address: string; publicKey: string; displayName?: string | undefined; pfpUrl?: string | undefined; completedOnboarding: boolean; }'.
src/components/modals/GroupEditorModal.tsx(6,3): error TS6133: 'Icon' is declared but its value is never read.
src/components/modals/JoinSpaceModal.tsx(7,3): error TS6133: 'FlexCenter' is declared but its value is never read.
src/components/modals/SpaceSettingsModal/Account.tsx(56,3): error TS6133: 'currentFile' is declared but its value is never read.
src/components/modals/SpaceSettingsModal/Account.tsx(64,3): error TS6133: 'onSave' is declared but its value is never read.
src/components/modals/SpaceSettingsModal/Account.tsx(65,3): error TS6133: 'isSaving' is declared but its value is never read.
src/components/modals/SpaceSettingsModal/Danger.tsx(15,3): error TS6133: 'space' is declared but its value is never read.
src/components/modals/SpaceSettingsModal/Emojis.tsx(2,10): error TS6133: 'Button' is declared but its value is never read.
src/components/modals/SpaceSettingsModal/Emojis.tsx(33,3): error TS6133: 'onSave' is declared but its value is never read.
src/components/modals/SpaceSettingsModal/Emojis.tsx(34,3): error TS6133: 'isSaving' is declared but its value is never read.
src/components/modals/SpaceSettingsModal/General.tsx(69,3): error TS6133: 'maxDescriptionLength' is declared but its value is never read.
src/components/modals/SpaceSettingsModal/General.tsx(94,3): error TS6133: 'onSave' is declared but its value is never read.
src/components/modals/SpaceSettingsModal/General.tsx(95,3): error TS6133: 'isSaving' is declared but its value is never read.
src/components/modals/SpaceSettingsModal/Invites.tsx(2,18): error TS6133: 'Select' is declared but its value is never read.
src/components/modals/SpaceSettingsModal/Roles.tsx(37,3): error TS6133: 'onSave' is declared but its value is never read.
src/components/modals/SpaceSettingsModal/Roles.tsx(38,3): error TS6133: 'isSaving' is declared but its value is never read.
src/components/modals/SpaceSettingsModal/Roles.tsx(214,37): error TS7006: Parameter 'e' implicitly has an 'any' type.
src/components/modals/SpaceSettingsModal/SpaceSettingsModal.tsx(6,3): error TS6133: 'Spacer' is declared but its value is never read.
src/components/modals/SpaceSettingsModal/SpaceSettingsModal.tsx(69,10): error TS6133: 'checkingOwnerMembership' is declared but its value is never read.
src/components/modals/SpaceSettingsModal/SpaceSettingsModal.tsx(161,5): error TS6133: 'toggleRolePermission' is declared but its value is never read.
src/components/modals/SpaceSettingsModal/SpaceSettingsModal.tsx(226,5): error TS6133: 'publicInvite' is declared but its value is never read.
src/components/modals/SpaceSettingsModal/SpaceSettingsModal.tsx(227,5): error TS6133: 'setPublicInvite' is declared but its value is never read.
src/components/modals/SpaceSettingsModal/SpaceSettingsModal.tsx(280,31): error TS6133: 'setRoleValidationError' is declared but its value is never read.
src/components/modals/SpaceSettingsModal/Stickers.tsx(2,10): error TS6133: 'Button' is declared but its value is never read.
src/components/modals/SpaceSettingsModal/Stickers.tsx(33,3): error TS6133: 'onSave' is declared but its value is never read.
src/components/modals/SpaceSettingsModal/Stickers.tsx(34,3): error TS6133: 'isSaving' is declared but its value is never read.
src/components/modals/UserSettingsModal/Appearance.tsx(45,26): error TS7006: Parameter 'value' implicitly has an 'any' type.
src/components/modals/UserSettingsModal/General.tsx(2,10): error TS6133: 'Button' is declared but its value is never read.
src/components/modals/UserSettingsModal/General.tsx(34,3): error TS6133: 'currentFile' is declared but its value is never read.
src/components/modals/UserSettingsModal/General.tsx(42,3): error TS6133: 'onSave' is declared but its value is never read.
src/components/modals/UserSettingsModal/General.tsx(43,3): error TS6133: 'isSaving' is declared but its value is never read.
src/components/modals/UserSettingsModal/Privacy.tsx(29,3): error TS6133: 'onSave' is declared but its value is never read.
src/components/modals/UserSettingsModal/Privacy.tsx(30,3): error TS6133: 'isSaving' is declared but its value is never read.
src/components/modals/UserSettingsModal/Privacy.tsx(108,20): error TS7006: Parameter 'a' implicitly has an 'any' type.
src/components/modals/UserSettingsModal/Privacy.tsx(108,23): error TS7006: Parameter 'b' implicitly has an 'any' type.
src/components/modals/UserSettingsModal/UserSettingsModal.tsx(6,3): error TS6133: 'Spacer' is declared but its value is never read.
src/components/modals/UserSettingsModal/UserSettingsModal.tsx(67,5): error TS6133: 'setStagedRegistration' is declared but its value is never read.
src/components/navbar/ExpandableNavMenu.tsx(4,1): error TS6133: 'getConfig' is declared but its value is never read.
src/components/navbar/ExpandableNavMenu.tsx(8,1): error TS6133: 'DefaultImages' is declared but its value is never read.
src/components/NotFound.tsx(1,1): error TS6133: 'React' is declared but its value is never read.
src/components/notifications/NotificationItem.tsx(103,32): error TS2339: Property 'type' does not exist on type 'ReplyNotification | MentionNotification'.
  Property 'type' does not exist on type 'MentionNotification'.
src/components/notifications/NotificationItem.tsx(106,20): error TS2339: Property 'type' does not exist on type 'ReplyNotification | MentionNotification'.
  Property 'type' does not exist on type 'MentionNotification'.
src/components/notifications/NotificationItem.tsx(108,20): error TS2339: Property 'type' does not exist on type 'ReplyNotification | MentionNotification'.
  Property 'type' does not exist on type 'MentionNotification'.
src/components/onboarding/Login.native.tsx(2,1): error TS6133: 'Pressable' is declared but its value is never read.
src/components/onboarding/Login.native.tsx(37,3): error TS6133: 'setUser' is declared but its value is never read.
src/components/onboarding/Login.tsx(11,23): error TS6133: 'setUser' is declared but its value is never read.
src/components/onboarding/Onboarding.tsx(14,1): error TS6133: 'validateNameForXSS' is declared but its value is never read.
src/components/primitives/Button/Button.native.tsx(26,11): error TS6133: 'baseHeight' is declared but its value is never read.
src/components/primitives/Button/Button.native.tsx(226,17): error TS7031: Binding element 'pressed' implicitly has an 'any' type.
src/components/primitives/Callout/Callout.native.tsx(14,3): error TS2322: Type '"info"' is not assignable to type 'IconName'.
src/components/primitives/Callout/Callout.native.tsx(137,9): error TS6133: 'isBase' is declared but its value is never read.
src/components/primitives/Callout/Callout.native.tsx(141,7): error TS2322: Type '{ children: (false | Element)[]; testID: string | undefined; style: any[]; }' is not assignable to type 'IntrinsicAttributes & ViewProps & { style?: any; }'.
  Property 'testID' does not exist on type 'IntrinsicAttributes & ViewProps & { style?: any; }'.
src/components/primitives/ColorSwatch/ColorSwatch.native.tsx(2,28): error TS6133: 'View' is declared but its value is never read.
src/components/primitives/ColorSwatch/ColorSwatch.native.tsx(2,34): error TS6133: 'Text' is declared but its value is never read.
src/components/primitives/ColorSwatch/ColorSwatch.native.tsx(32,9): error TS6133: 'themeColors' is declared but its value is never read.
src/components/primitives/Container/Container.native.tsx(63,9): error TS2322: Type '{ accentColor?: Property.AccentColor | undefined; alignContent?: Property.AlignContent | undefined; alignItems?: Property.AlignItems | undefined; ... 821 more ...; vectorEffect?: Property.VectorEffect | undefined; }' is not assignable to type 'ViewStyle'.
  Types of property 'flex' are incompatible.
    Type 'Flex<string | number> | undefined' is not assignable to type 'number | undefined'.
      Type 'string' is not assignable to type 'number'.
src/components/primitives/FlexBetween/types.ts(4,5): error TS6133: 'ViewStyle' is declared but its value is never read.
src/components/primitives/FlexBetween/types.ts(8,15): error TS2693: 'any' only refers to a type, but is being used as a value here.
src/components/primitives/FlexBetween/types.ts(31,27): error TS2749: 'ViewStyle' refers to a value, but is being used as a type here. Did you mean 'typeof ViewStyle'?
src/components/primitives/FlexCenter/types.ts(4,5): error TS6133: 'ViewStyle' is declared but its value is never read.
src/components/primitives/FlexCenter/types.ts(8,15): error TS2693: 'any' only refers to a type, but is being used as a value here.
src/components/primitives/FlexCenter/types.ts(35,27): error TS2749: 'ViewStyle' refers to a value, but is being used as a type here. Did you mean 'typeof ViewStyle'?
src/components/primitives/FlexColumn/FlexColumn.web.tsx(57,7): error TS7053: Element implicitly has an 'any' type because expression of type 'any' can't be used to index type '{ start: string; end: string; center: string; between: string; around: string; evenly: string; }'.
src/components/primitives/FlexColumn/FlexColumn.web.tsx(58,7): error TS7053: Element implicitly has an 'any' type because expression of type 'any' can't be used to index type '{ start: string; end: string; center: string; stretch: string; baseline: string; }'.
src/components/primitives/FlexColumn/types.ts(4,5): error TS6133: 'ViewStyle' is declared but its value is never read.
src/components/primitives/FlexColumn/types.ts(8,15): error TS2693: 'any' only refers to a type, but is being used as a value here.
src/components/primitives/FlexColumn/types.ts(18,33): error TS2749: 'ViewStyle' refers to a value, but is being used as a type here. Did you mean 'typeof ViewStyle'?
src/components/primitives/FlexRow/FlexRow.web.tsx(56,7): error TS7053: Element implicitly has an 'any' type because expression of type 'any' can't be used to index type '{ start: string; end: string; center: string; between: string; around: string; evenly: string; }'.
src/components/primitives/FlexRow/FlexRow.web.tsx(57,7): error TS7053: Element implicitly has an 'any' type because expression of type 'any' can't be used to index type '{ start: string; end: string; center: string; stretch: string; baseline: string; }'.
src/components/primitives/FlexRow/types.ts(4,5): error TS6133: 'ViewStyle' is declared but its value is never read.
src/components/primitives/FlexRow/types.ts(8,15): error TS2693: 'any' only refers to a type, but is being used as a value here.
src/components/primitives/FlexRow/types.ts(39,27): error TS2749: 'ViewStyle' refers to a value, but is being used as a type here. Did you mean 'typeof ViewStyle'?
src/components/primitives/Icon/Icon.native.tsx(1,1): error TS6133: 'React' is declared but its value is never read.
src/components/primitives/Icon/Icon.native.tsx(31,3): error TS6133: 'className' is declared but its value is never read.
src/components/primitives/Icon/Icon.native.tsx(34,3): error TS6133: 'id' is declared but its value is never read.
src/components/primitives/Icon/Icon.web.tsx(1,1): error TS6133: 'React' is declared but its value is never read.
src/components/primitives/Input/Input.native.tsx(2,10): error TS2305: Module '"react-native"' has no exported member 'TextInput'.
src/components/primitives/Modal/Modal.native.gorhom.tsx(17,8): error TS2307: Cannot find module '@gorhom/bottom-sheet' or its corresponding type declarations.
src/components/primitives/Modal/Modal.native.gorhom.tsx(39,9): error TS6133: 'screenHeight' is declared but its value is never read.
src/components/primitives/OverlayBackdrop/OverlayBackdrop.native.tsx(14,3): error TS6133: 'blur' is declared but its value is never read.
src/components/primitives/OverlayBackdrop/OverlayBackdrop.native.tsx(15,3): error TS6133: 'opacity' is declared but its value is never read.
src/components/primitives/RadioGroup/RadioGroup.native.tsx(1,1): error TS6133: 'React' is declared but its value is never read.
src/components/primitives/RadioGroup/RadioGroup.web.tsx(1,1): error TS6133: 'React' is declared but its value is never read.
src/components/primitives/ScrollContainer/ScrollContainer.native.tsx(87,9): error TS2322: Type '{ accentColor?: Property.AccentColor | undefined; alignContent?: Property.AlignContent | undefined; alignItems?: Property.AlignItems | undefined; ... 821 more ...; vectorEffect?: Property.VectorEffect | undefined; }' is not assignable to type 'ViewStyle'.
  Types of property 'flex' are incompatible.
    Type 'Flex<string | number> | undefined' is not assignable to type 'number | undefined'.
      Type 'string' is not assignable to type 'number'.
src/components/primitives/Select/Select.native.tsx(9,3): error TS2305: Module '"react-native"' has no exported member 'Platform'.
src/components/primitives/Select/Select.native.tsx(11,3): error TS2305: Module '"react-native"' has no exported member 'Image'.
src/components/primitives/Select/Select.native.tsx(267,51): error TS2339: Property 'displayName' does not exist on type '{ isCompact: boolean; text?: undefined; isPlaceholder?: undefined; element?: undefined; icon?: undefined; avatar?: undefined; subtitle?: undefined; } | { text: string; isPlaceholder: boolean; isCompact?: undefined; element?: undefined; icon?: undefined; avatar?: undefined; subtitle?: undefined; } | { ...; } | { ...; }'.
  Property 'displayName' does not exist on type '{ isCompact: boolean; text?: undefined; isPlaceholder?: undefined; element?: undefined; icon?: undefined; avatar?: undefined; subtitle?: undefined; }'.
src/components/primitives/Select/Select.native.tsx(283,33): error TS2339: Property 'displayName' does not exist on type '{ isCompact: boolean; text?: undefined; isPlaceholder?: undefined; element?: undefined; icon?: undefined; avatar?: undefined; subtitle?: undefined; } | { text: string; isPlaceholder: boolean; isCompact?: undefined; element?: undefined; icon?: undefined; avatar?: undefined; subtitle?: undefined; } | { ...; } | { ...; }'.
  Property 'displayName' does not exist on type '{ isCompact: boolean; text?: undefined; isPlaceholder?: undefined; element?: undefined; icon?: undefined; avatar?: undefined; subtitle?: undefined; }'.
src/components/primitives/Select/Select.native.tsx(286,23): error TS2322: Type 'null' is not assignable to type 'string | undefined'.
src/components/primitives/Select/Select.native.tsx(287,48): error TS2339: Property 'displayName' does not exist on type '{ isCompact: boolean; text?: undefined; isPlaceholder?: undefined; element?: undefined; icon?: undefined; avatar?: undefined; subtitle?: undefined; } | { text: string; isPlaceholder: boolean; isCompact?: undefined; element?: undefined; icon?: undefined; avatar?: undefined; subtitle?: undefined; } | { ...; } | { ...; }'.
  Property 'displayName' does not exist on type '{ isCompact: boolean; text?: undefined; isPlaceholder?: undefined; element?: undefined; icon?: undefined; avatar?: undefined; subtitle?: undefined; }'.
src/components/primitives/Select/Select.native.tsx(288,44): error TS2339: Property 'userAddress' does not exist on type '{ isCompact: boolean; text?: undefined; isPlaceholder?: undefined; element?: undefined; icon?: undefined; avatar?: undefined; subtitle?: undefined; } | { text: string; isPlaceholder: boolean; isCompact?: undefined; element?: undefined; icon?: undefined; avatar?: undefined; subtitle?: undefined; } | { ...; } | { ...; }'.
  Property 'userAddress' does not exist on type '{ isCompact: boolean; text?: undefined; isPlaceholder?: undefined; element?: undefined; icon?: undefined; avatar?: undefined; subtitle?: undefined; }'.
src/components/primitives/Select/Select.native.tsx(288,71): error TS2339: Property 'value' does not exist on type '{ isCompact: boolean; text?: undefined; isPlaceholder?: undefined; element?: undefined; icon?: undefined; avatar?: undefined; subtitle?: undefined; } | { text: string; isPlaceholder: boolean; isCompact?: undefined; element?: undefined; icon?: undefined; avatar?: undefined; subtitle?: undefined; } | { ...; } | { ...; }'.
  Property 'value' does not exist on type '{ isCompact: boolean; text?: undefined; isPlaceholder?: undefined; element?: undefined; icon?: undefined; avatar?: undefined; subtitle?: undefined; }'.
src/components/primitives/Select/Select.native.tsx(525,43): error TS2322: Type 'null' is not assignable to type 'string | undefined'.
src/components/primitives/Select/Select.native.tsx(655,39): error TS2322: Type 'null' is not assignable to type 'string | undefined'.
src/components/primitives/Select/Select.web.tsx(449,39): error TS2322: Type 'null' is not assignable to type 'string | undefined'.
src/components/primitives/Select/Select.web.tsx(547,35): error TS2322: Type 'null' is not assignable to type 'string | undefined'.
src/components/primitives/Switch/Switch.native.tsx(2,21): error TS6133: 'View' is declared but its value is never read.
src/components/primitives/Switch/Switch.native.tsx(2,37): error TS2305: Module '"react-native"' has no exported member 'Platform'.
src/components/primitives/Switch/Switch.native.tsx(44,43): error TS2339: Property 'interpolate' does not exist on type 'Value'.
src/components/primitives/Text/Text.native.tsx(4,3): error TS2305: Module '"react-native"' has no exported member 'TextStyle'.
src/components/primitives/Text/Text.native.tsx(5,3): error TS6133: 'TouchableOpacity' is declared but its value is never read.
src/components/primitives/Text/Text.native.tsx(6,3): error TS2305: Module '"react-native"' has no exported member 'Linking'.
src/components/primitives/Text/Text.native.tsx(160,32): error TS2339: Property 'letterSpacing' does not exist on type '{ fontSize: number; fontWeight: string; letterSpacing: number; colorVariant: "strong"; } | { fontSize: number; fontWeight: string; letterSpacing: number; colorVariant: "strong"; } | { fontSize: number; fontWeight: string; letterSpacing: number; colorVariant: "default"; } | ... 5 more ... | { ...; }'.
  Property 'letterSpacing' does not exist on type '{ fontSize: number; fontWeight: string; colorVariant: "subtle"; }'.
src/components/primitives/Text/TextHelpers.tsx(3,22): error TS2307: Cannot find module './Text' or its corresponding type declarations.
src/components/primitives/TextArea/TextArea.native.tsx(1,8): error TS6133: 'React' is declared but its value is never read.
src/components/primitives/theme/colors.ts(372,28): error TS2345: Argument of type 'Theme' is not assignable to parameter of type '"light" | "dark" | undefined'.
  Type '"system"' is not assignable to type '"light" | "dark" | undefined'.
src/components/primitives/theme/ThemeProvider.native.tsx(2,10): error TS2305: Module '"react-native"' has no exported member 'useColorScheme'.
src/components/primitives/theme/ThemeProvider.web.tsx(2,15): error TS2459: Module '"./ThemeProvider"' declares 'Theme' locally, but it is not exported.
src/components/primitives/theme/ThemeProvider.web.tsx(2,22): error TS2459: Module '"./ThemeProvider"' declares 'AccentColor' locally, but it is not exported.
src/components/primitives/theme/ThemeProvider.web.tsx(3,1): error TS6133: 'getColors' is declared but its value is never read.
src/components/primitives/Tooltip/Tooltip.native.tsx(10,3): error TS2305: Module '"react-native"' has no exported member 'LayoutChangeEvent'.
src/components/primitives/Tooltip/Tooltip.native.tsx(12,3): error TS2305: Module '"react-native"' has no exported member 'TextStyle'.
src/components/primitives/Tooltip/Tooltip.web.tsx(13,3): error TS6133: 'showCloseButton' is declared but its value is never read.
src/components/Router/Router.native.tsx(17,24): error TS6198: All destructured elements are unused.
src/components/search/SearchBar.tsx(74,11): error TS6133: 'maintainFocus' is declared but its value is never read.
src/components/search/SearchResultItem.tsx(1,17): error TS6133: 'useState' is declared but its value is never read.
src/components/search/SearchResultItem.tsx(1,27): error TS6133: 'useEffect' is declared but its value is never read.
src/components/search/SearchResultItem.tsx(29,3): error TS6133: 'index' is declared but its value is never read.
src/components/search/SearchResultItem.tsx(97,3): error TS6133: 'index' is declared but its value is never read.
src/components/search/SearchResults.tsx(6,61): error TS6133: 'Button' is declared but its value is never read.
src/components/search/SearchResults.tsx(48,3): error TS6133: 'searchContext' is declared but its value is never read.
src/components/search/SearchResults.tsx(132,26): error TS7006: Parameter 'value' implicitly has an 'any' type.
src/components/space/ChannelGroup.tsx(11,10): error TS6133: 'hapticLight' is declared but its value is never read.
src/components/space/ChannelGroup.tsx(105,21): error TS6133: 'e' is declared but its value is never read.
src/components/space/ChannelList.tsx(49,37): error TS2345: Argument of type 'Space | null' is not assignable to parameter of type 'Space | undefined'.
  Type 'null' is not assignable to type 'Space | undefined'.
src/components/space/ChannelPreview.tsx(8,3): error TS6133: 'Spacer' is declared but its value is never read.
src/components/space/IconPicker/IconPicker.native.tsx(13,3): error TS6133: 'className' is declared but its value is never read.
src/components/space/RolePreview.tsx(3,54): error TS6133: 'Spacer' is declared but its value is never read.
src/components/space/SpaceAvatar/index.ts(1,29): error TS2307: Cannot find module './SpaceAvatar' or its corresponding type declarations.
src/components/space/SpaceAvatar/SpaceAvatar.native.tsx(1,8): error TS6133: 'React' is declared but its value is never read.
src/components/space/SpaceAvatar/SpaceAvatar.native.tsx(2,10): error TS2305: Module '"react-native"' has no exported member 'Image'.
src/components/ui/AccentColorSwitcher.tsx(27,9): error TS6133: 'swatchGap' is declared but its value is never read.
src/components/ui/DropdownPanel.tsx(84,43): error TS2339: Property 'baseVal' does not exist on type 'never'.
src/components/ui/DropdownPanel.tsx(97,11): error TS2322: Type 'HTMLElement | null' is not assignable to type 'Element'.
  Type 'null' is not assignable to type 'Element'.
src/components/ui/MobileDrawer.tsx(95,27): error TS6133: 'e' is declared but its value is never read.
src/components/ui/ReactTooltip.tsx(72,26): error TS6133: 'e' is declared but its value is never read.
src/components/ui/ReactTooltip.tsx(96,31): error TS6133: 'e' is declared but its value is never read.
src/components/ui/ReactTooltip.tsx(173,9): error TS2322: Type '{ id: string; content: string; place: "left" | "top" | "bottom" | "top-start" | "top-end" | "right" | "right-start" | "right-end" | "bottom-start" | "bottom-end" | "left-start" | "left-end"; ... 8 more ...; strategy: string; }' is not assignable to type 'IntrinsicAttributes & ITooltipController & RefAttributes<TooltipRefProps>'.
  Property 'disableFocusListener' does not exist on type 'IntrinsicAttributes & ITooltipController & RefAttributes<TooltipRefProps>'.
src/components/ui/ReactTooltip.tsx(191,7): error TS2322: Type '{ id: string; content: string; place: "left" | "top" | "bottom" | "top-start" | "top-end" | "right" | "right-start" | "right-end" | "bottom-start" | "bottom-end" | "left-start" | "left-end"; ... 4 more ...; strategy: string; }' is not assignable to type 'IntrinsicAttributes & ITooltipController & RefAttributes<TooltipRefProps>'.
  Property 'strategy' does not exist on type 'IntrinsicAttributes & ITooltipController & RefAttributes<TooltipRefProps>'.
src/components/ui/UnknownAvatar.tsx(3,1): error TS6133: 'React' is declared but its value is never read.
src/components/ui/YouTubeFacade.tsx(2,16): error TS6133: 'Text' is declared but its value is never read.
src/components/ui/YouTubeFacade.tsx(5,3): error TS6133: 'extractYouTubeVideoId' is declared but its value is never read.
src/components/ui/YouTubeFacade.tsx(6,3): error TS6133: 'isValidYouTubeVideoId' is declared but its value is never read.
src/components/user/UserAvatar/UserAvatar.native.tsx(1,8): error TS6133: 'React' is declared but its value is never read.
src/components/user/UserAvatar/UserAvatar.native.tsx(2,10): error TS2305: Module '"react-native"' has no exported member 'Image'.
src/components/user/UserAvatar/UserAvatar.native.tsx(2,17): error TS6133: 'StyleSheet' is declared but its value is never read.
src/components/user/UserAvatar/UserAvatar.native.tsx(20,3): error TS6133: 'address' is declared but its value is never read.
src/components/user/UserAvatar/UserAvatar.web.tsx(20,3): error TS6133: 'address' is declared but its value is never read.
src/components/user/UserInitials/UserInitials.native.tsx(1,8): error TS6133: 'React' is declared but its value is never read.
src/components/user/UserInitials/UserInitials.native.tsx(2,10): error TS6133: 'View' is declared but its value is never read.
src/components/user/UserInitials/UserInitials.native.tsx(53,7): error TS2769: No overload matches this call.
  Overload 1 of 2, '(props: LinearGradientProps): LinearGradient', gave the following error.
    Type '{ children: Element; colors: readonly [string, string]; style: any[]; testID: string | undefined; }' is not assignable to type 'IntrinsicAttributes & IntrinsicClassAttributes<LinearGradient> & Readonly<LinearGradientProps>'.
      Property 'testID' does not exist on type 'IntrinsicAttributes & IntrinsicClassAttributes<LinearGradient> & Readonly<LinearGradientProps>'.
  Overload 2 of 2, '(props: LinearGradientProps, context: any): LinearGradient', gave the following error.
    Type '{ children: Element; colors: readonly [string, string]; style: any[]; testID: string | undefined; }' is not assignable to type 'IntrinsicAttributes & IntrinsicClassAttributes<LinearGradient> & Readonly<LinearGradientProps>'.
      Property 'testID' does not exist on type 'IntrinsicAttributes & IntrinsicClassAttributes<LinearGradient> & Readonly<LinearGradientProps>'.
src/components/user/UserProfileEdit.tsx(37,55): error TS6133: 'isDragActive' is declared but its value is never read.
src/components/user/UserProfileEdit.tsx(104,24): error TS7006: Parameter 'e' implicitly has an 'any' type.
src/components/user/UserStatus.tsx(8,10): error TS6133: 'DefaultImages' is declared but its value is never read.
src/components/user/UserStatus.tsx(65,23): error TS7006: Parameter 'e' implicitly has an 'any' type.
src/config/config.ts(1,1): error TS6133: 'getLocalConfig' is declared but its value is never read.
src/db/messages.ts(174,28): error TS6133: 'event' is declared but its value is never read.
src/db/messages.ts(224,28): error TS6133: 'event' is declared but its value is never read.
src/db/messages.ts(626,5): error TS6133: 'lastMessageTimestamp' is declared but its value is never read.
src/dev/components-audit/ComponentAuditViewer.tsx(285,16): error TS2352: Conversion of type '{ components: { "CloseButton.tsx": { name: string; path: string; description: string; category: string; used: string; primitives: string; logic_extraction: string; hooks: never[]; native: string; notes: string; updated: string; dependencies: string[]; dependency_level: number; complexity_category: string; }; ... 83 ...' to type 'AuditData' may be a mistake because neither type sufficiently overlaps with the other. If this was intentional, convert the expression to 'unknown' first.
  The types of 'stats.by_category' are incompatible between these types.
    Property 'complex_refactor' is missing in type '{ platform_specific: number; shared: number; }' but required in type '{ shared: number; platform_specific: number; complex_refactor: number; }'.
src/dev/components-audit/ComponentAuditViewer.tsx(320,9): error TS6133: 'key' is declared but its value is never read.
src/dev/DevMainPage.tsx(6,3): error TS6133: 'FlexColumn' is declared but its value is never read.
src/dev/DevMainPage.tsx(7,3): error TS6133: 'Button' is declared but its value is never read.
src/dev/DevMainPage.tsx(8,3): error TS6133: 'Spacer' is declared but its value is never read.
src/dev/DevNavMenu.tsx(2,21): error TS6133: 'Text' is declared but its value is never read.
src/dev/docs/Bugs.tsx(4,3): error TS6133: 'Button' is declared but its value is never read.
src/dev/docs/Bugs.tsx(6,3): error TS6133: 'FlexColumn' is declared but its value is never read.
src/dev/docs/Bugs.tsx(218,44): error TS2304: Cannot find name 'handleFileClick'.
src/dev/docs/Docs.tsx(5,3): error TS6133: 'Button' is declared but its value is never read.
src/dev/docs/hooks/useMarkdownFiles.ts(1,31): error TS6133: 'useMemo' is declared but its value is never read.
src/dev/docs/MarkdownViewer.tsx(1,17): error TS6133: 'useEffect' is declared but its value is never read.
src/dev/docs/MarkdownViewer.tsx(30,3): error TS6133: 'title' is declared but its value is never read.
src/dev/docs/MarkdownViewer.tsx(56,72): error TS6133: 'match' is declared but its value is never read.
src/dev/docs/MarkdownViewer.tsx(56,87): error TS6133: 'separator' is declared but its value is never read.
src/dev/docs/MarkdownViewer.tsx(60,61): error TS7006: Parameter 'cell' implicitly has an 'any' type.
src/dev/docs/MarkdownViewer.tsx(61,43): error TS7006: Parameter 'cell' implicitly has an 'any' type.
src/dev/docs/MarkdownViewer.tsx(66,54): error TS7006: Parameter 'row' implicitly has an 'any' type.
src/dev/docs/MarkdownViewer.tsx(67,47): error TS7006: Parameter 'cell' implicitly has an 'any' type.
src/dev/docs/MarkdownViewer.tsx(68,38): error TS7006: Parameter 'cell' implicitly has an 'any' type.
src/dev/docs/MarkdownViewer.tsx(89,45): error TS6133: 'match' is declared but its value is never read.
src/dev/docs/MarkdownViewer.tsx(132,10): error TS6133: 'match' is declared but its value is never read.
src/dev/docs/MarkdownViewer.tsx(137,10): error TS6133: 'match' is declared but its value is never read.
src/dev/docs/MarkdownViewer.tsx(142,10): error TS6133: 'match' is declared but its value is never read.
src/dev/docs/MarkdownViewer.tsx(147,10): error TS6133: 'match' is declared but its value is never read.
src/dev/docs/MarkdownViewer.tsx(154,10): error TS6133: 'match' is declared but its value is never read.
src/dev/docs/MarkdownViewer.tsx(161,10): error TS6133: 'match' is declared but its value is never read.
src/dev/docs/MarkdownViewer.tsx(166,10): error TS6133: 'match' is declared but its value is never read.
src/dev/docs/MarkdownViewer.tsx(170,45): error TS6133: 'match' is declared but its value is never read.
src/dev/docs/MarkdownViewer.tsx(177,10): error TS6133: 'match' is declared but its value is never read.
src/dev/docs/MarkdownViewer.tsx(177,17): error TS6133: 'num' is declared but its value is never read.
src/dev/docs/MarkdownViewer.tsx(181,10): error TS6133: 'match' is declared but its value is never read.
src/dev/docs/MarkdownViewer.tsx(187,10): error TS6133: 'match' is declared but its value is never read.
src/dev/docs/Tasks.tsx(4,3): error TS6133: 'Button' is declared but its value is never read.
src/dev/docs/Tasks.tsx(6,3): error TS6133: 'FlexColumn' is declared but its value is never read.
src/dev/primitives-playground/ExampleBox.tsx(3,1): error TS6133: 'Icon' is declared but its value is never read.
src/dev/primitives-playground/examples/Button.tsx(100,11): error TS4104: The type 'readonly ["Use type='primary' for main actions, 'secondary' for alternatives", "Add iconName for better visual hierarchy and UX", "Consider fullWidth on mobile for better touch targets", "Always provide meaningful button text for accessibility"]' is 'readonly' and cannot be assigned to the mutable type 'string[]'.
src/dev/primitives-playground/examples/Callout.tsx(83,11): error TS4104: The type 'readonly ["Use variant='info' for neutral information", "Use variant='success' for positive feedback", "Use variant='warning' for cautionary messages", "Use variant='error' for error states and validation", "Use layout='minimal' for subtle notifications", "Add dismissible=true for closeable callouts", "All callouts ...' is 'readonly' and cannot be assigned to the mutable type 'string[]'.
src/dev/primitives-playground/examples/ColorSwatch.tsx(2,23): error TS6133: 'FlexRow' is declared but its value is never read.
src/dev/primitives-playground/examples/FlexRow.tsx(2,19): error TS6133: 'Text' is declared but its value is never read.
src/dev/primitives-playground/examples/Input.tsx(2,23): error TS6133: 'FlexRow' is declared but its value is never read.
src/dev/primitives-playground/examples/Input.tsx(51,11): error TS4104: The type 'readonly ["Use variant='bordered' for forms on light backgrounds", "Always provide clear placeholder text", "Use appropriate input types (email, password, number)", "Show error states with clear messages"]' is 'readonly' and cannot be assigned to the mutable type 'string[]'.
src/dev/primitives-playground/examples/Input.tsx(79,32): error TS7006: Parameter 'value' implicitly has an 'any' type.
src/dev/primitives-playground/examples/Input.tsx(99,28): error TS7006: Parameter 'value' implicitly has an 'any' type.
src/dev/primitives-playground/examples/Modal.tsx(62,11): error TS4104: The type 'readonly ["Use size='medium' for most dialogs", "Always provide a way to close the modal", "Consider closeOnBackdrop=false for critical actions", "Test keyboard navigation (Escape key)"]' is 'readonly' and cannot be assigned to the mutable type 'string[]'.
src/dev/primitives-playground/examples/RadioGroup.tsx(39,58): error TS2339: Property 'defaultValue' does not exist on type '{ options: { label: string; value: string; icon: string; }[]; iconOnly?: undefined; direction?: undefined; } | { options: { label: string; value: string; icon: string; }[]; iconOnly: boolean; direction: string; } | { ...; }'.
  Property 'defaultValue' does not exist on type '{ options: { label: string; value: string; icon: string; }[]; iconOnly?: undefined; direction?: undefined; }'.
src/dev/primitives-playground/examples/RadioGroup.tsx(40,26): error TS7006: Parameter 'value' implicitly has an 'any' type.
src/dev/primitives-playground/examples/Select.tsx(174,11): error TS4104: The type 'readonly ["Always provide clear option labels", "Use placeholder text for initial state", "Add icons and subtitles for rich options", "Use multiple=true for multiselect functionality", "Use compactMode=true for icon-only filter buttons", "Add showSelectionCount=true to display badge with count", "Use variant='border...' is 'readonly' and cannot be assigned to the mutable type 'string[]'.
src/dev/primitives-playground/examples/Select.tsx(184,26): error TS7006: Parameter 'value' implicitly has an 'any' type.
src/dev/primitives-playground/examples/Switch.tsx(91,11): error TS4104: The type 'readonly ["Use for binary on/off settings", "Always provide clear labels for accessibility", "Consider disabled state for unavailable options", "Switch should provide immediate feedback"]' is 'readonly' and cannot be assigned to the mutable type 'string[]'.
src/dev/primitives-playground/examples/Switch.tsx(101,26): error TS7006: Parameter 'value' implicitly has an 'any' type.
src/dev/primitives-playground/examples/Text.tsx(58,48): error TS2339: Property 'typography' does not exist on type '{ variant: string; } | { typography: string; variant?: undefined; }'.
  Property 'typography' does not exist on type '{ variant: string; }'.
src/dev/primitives-playground/examples/TextArea.tsx(34,26): error TS7006: Parameter 'value' implicitly has an 'any' type.
src/dev/primitives-playground/examples/Tooltip.tsx(24,9): error TS2322: Type 'null' is not assignable to type 'Record<string, any> | undefined'.
src/dev/primitives-playground/examples/Tooltip.tsx(25,9): error TS2322: Type 'null' is not assignable to type '((props: Record<string, any>) => void) | undefined'.
src/dev/primitives-playground/InteractivePropsPanel.tsx(88,28): error TS7006: Parameter 'value' implicitly has an 'any' type.
src/dev/primitives-playground/PrimitivesPlayground.tsx(3,3): error TS6133: 'Container' is declared but its value is never read.
src/dev/primitives-playground/PrimitivesPlayground.tsx(4,3): error TS6133: 'FlexRow' is declared but its value is never read.
src/dev/primitives-playground/PrimitivesPlayground.tsx(5,3): error TS6133: 'FlexColumn' is declared but its value is never read.
src/dev/primitives-playground/PrimitivesPlayground.tsx(6,3): error TS6133: 'Text' is declared but its value is never read.
src/dev/primitives-playground/PrimitivesPlayground.tsx(7,3): error TS6133: 'Spacer' is declared but its value is never read.
src/dev/tests/messageGrouping.unit.test.ts(28,5): error TS2353: Object literal may only specify known properties, and 'mentions' does not exist in type 'Mentions'.
src/dev/tests/messageGrouping.unit.test.ts(52,9): error TS6133: 'twoDaysAgo' is declared but its value is never read.
src/dev/tests/services/ConfigService.unit.test.tsx(40,7): error TS2353: Object literal may only specify known properties, and 'logger' does not exist in type 'QueryClientConfig'.
src/dev/tests/services/EncryptionService.unit.test.tsx(40,7): error TS2353: Object literal may only specify known properties, and 'logger' does not exist in type 'QueryClientConfig'.
src/dev/tests/services/InvitationService.unit.test.tsx(39,7): error TS2353: Object literal may only specify known properties, and 'logger' does not exist in type 'QueryClientConfig'.
src/dev/tests/services/MessageService.unit.test.tsx(39,7): error TS2353: Object literal may only specify known properties, and 'logger' does not exist in type 'QueryClientConfig'.
src/dev/tests/services/MessageService.unit.test.tsx(180,9): error TS2345: Argument of type '{ messageId: string; spaceId: string; channelId: string; createdDate: number; modifiedDate: number; digestAlgorithm: "sha256"; nonce: string; lastModifiedHash: string; inboxAddress: string; content: any; }' is not assignable to parameter of type 'EncryptedMessage'.
  Type '{ messageId: string; spaceId: string; channelId: string; createdDate: number; modifiedDate: number; digestAlgorithm: "sha256"; nonce: string; lastModifiedHash: string; inboxAddress: string; content: any; }' is missing the following properties from type 'EncryptedMessage': encryptedContent, timestamp
src/dev/tests/services/MessageService.unit.test.tsx(200,9): error TS2345: Argument of type '{ messageId: string; spaceId: string; channelId: string; createdDate: number; modifiedDate: number; digestAlgorithm: "sha256"; nonce: string; lastModifiedHash: string; inboxAddress: string; content: any; }' is not assignable to parameter of type 'EncryptedMessage'.
  Type '{ messageId: string; spaceId: string; channelId: string; createdDate: number; modifiedDate: number; digestAlgorithm: "sha256"; nonce: string; lastModifiedHash: string; inboxAddress: string; content: any; }' is missing the following properties from type 'EncryptedMessage': encryptedContent, timestamp
src/dev/tests/services/MessageService.unit.test.tsx(217,9): error TS2345: Argument of type '{ messageId: string; spaceId: string; channelId: string; createdDate: number; modifiedDate: number; digestAlgorithm: "sha256"; nonce: string; lastModifiedHash: string; inboxAddress: string; content: any; }' is not assignable to parameter of type 'EncryptedMessage'.
  Type '{ messageId: string; spaceId: string; channelId: string; createdDate: number; modifiedDate: number; digestAlgorithm: "sha256"; nonce: string; lastModifiedHash: string; inboxAddress: string; content: any; }' is missing the following properties from type 'EncryptedMessage': encryptedContent, timestamp
src/dev/tests/services/MessageService.unit.test.tsx(232,9): error TS2345: Argument of type '{ messageId: string; spaceId: string; channelId: string; createdDate: number; modifiedDate: number; digestAlgorithm: "sha256"; nonce: string; lastModifiedHash: string; inboxAddress: string; content: any; }' is not assignable to parameter of type 'EncryptedMessage'.
  Type '{ messageId: string; spaceId: string; channelId: string; createdDate: number; modifiedDate: number; digestAlgorithm: "sha256"; nonce: string; lastModifiedHash: string; inboxAddress: string; content: any; }' is missing the following properties from type 'EncryptedMessage': encryptedContent, timestamp
src/dev/tests/services/MessageService.unit.test.tsx(247,9): error TS2345: Argument of type '{ messageId: string; spaceId: string; channelId: string; createdDate: number; modifiedDate: number; digestAlgorithm: "sha256"; nonce: string; lastModifiedHash: string; inboxAddress: string; content: any; }' is not assignable to parameter of type 'EncryptedMessage'.
  Type '{ messageId: string; spaceId: string; channelId: string; createdDate: number; modifiedDate: number; digestAlgorithm: "sha256"; nonce: string; lastModifiedHash: string; inboxAddress: string; content: any; }' is missing the following properties from type 'EncryptedMessage': encryptedContent, timestamp
src/dev/tests/services/MessageService.unit.test.tsx(264,9): error TS2345: Argument of type '{ messageId: string; spaceId: string; channelId: string; createdDate: number; modifiedDate: number; digestAlgorithm: "sha256"; nonce: string; lastModifiedHash: string; inboxAddress: string; content: any; }' is not assignable to parameter of type 'EncryptedMessage'.
  Type '{ messageId: string; spaceId: string; channelId: string; createdDate: number; modifiedDate: number; digestAlgorithm: "sha256"; nonce: string; lastModifiedHash: string; inboxAddress: string; content: any; }' is missing the following properties from type 'EncryptedMessage': encryptedContent, timestamp
src/dev/tests/services/MessageService.unit.test.tsx(282,9): error TS2345: Argument of type '{ messageId: string; spaceId: string; channelId: string; createdDate: number; modifiedDate: number; digestAlgorithm: "sha256"; nonce: string; lastModifiedHash: string; inboxAddress: string; content: any; }' is not assignable to parameter of type 'EncryptedMessage'.
  Type '{ messageId: string; spaceId: string; channelId: string; createdDate: number; modifiedDate: number; digestAlgorithm: "sha256"; nonce: string; lastModifiedHash: string; inboxAddress: string; content: any; }' is missing the following properties from type 'EncryptedMessage': encryptedContent, timestamp
src/dev/tests/services/MessageService.unit.test.tsx(318,9): error TS2345: Argument of type '{ messageId: string; spaceId: string; channelId: string; createdDate: number; modifiedDate: number; digestAlgorithm: "sha256"; nonce: string; lastModifiedHash: string; content: { senderId: string; type: "post"; text: string; }; }' is not assignable to parameter of type 'Message'.
  Type '{ messageId: string; spaceId: string; channelId: string; createdDate: number; modifiedDate: number; digestAlgorithm: "sha256"; nonce: string; lastModifiedHash: string; content: { senderId: string; type: "post"; text: string; }; }' is missing the following properties from type 'Message': reactions, mentions
src/dev/tests/services/MessageService.unit.test.tsx(352,9): error TS2345: Argument of type '{ messageId: string; spaceId: string; channelId: string; createdDate: number; modifiedDate: number; digestAlgorithm: "sha256"; nonce: string; lastModifiedHash: string; content: { senderId: string; type: "reaction"; reaction: string; messageId: string; }; }' is not assignable to parameter of type 'Message'.
  Type '{ messageId: string; spaceId: string; channelId: string; createdDate: number; modifiedDate: number; digestAlgorithm: "sha256"; nonce: string; lastModifiedHash: string; content: { senderId: string; type: "reaction"; reaction: string; messageId: string; }; }' is missing the following properties from type 'Message': reactions, mentions
src/dev/tests/services/MessageService.unit.test.tsx(379,9): error TS2345: Argument of type '{ messageId: string; spaceId: string; channelId: string; createdDate: number; modifiedDate: number; digestAlgorithm: "sha256"; nonce: string; lastModifiedHash: string; content: { senderId: string; type: string; text: string; }; }' is not assignable to parameter of type 'Message'.
  Type '{ messageId: string; spaceId: string; channelId: string; createdDate: number; modifiedDate: number; digestAlgorithm: "sha256"; nonce: string; lastModifiedHash: string; content: { senderId: string; type: string; text: string; }; }' is missing the following properties from type 'Message': reactions, mentions
src/dev/tests/services/MessageService.unit.test.tsx(431,9): error TS2345: Argument of type '{ messageId: string; spaceId: string; channelId: string; createdDate: number; modifiedDate: number; digestAlgorithm: "sha256"; nonce: string; lastModifiedHash: string; content: { senderId: string; type: string; reaction: string; messageId: string; }; }' is not assignable to parameter of type 'Message'.
  Type '{ messageId: string; spaceId: string; channelId: string; createdDate: number; modifiedDate: number; digestAlgorithm: "sha256"; nonce: string; lastModifiedHash: string; content: { senderId: string; type: string; reaction: string; messageId: string; }; }' is missing the following properties from type 'Message': reactions, mentions
src/dev/tests/services/MessageService.unit.test.tsx(486,9): error TS2345: Argument of type '{ messageId: string; spaceId: string; channelId: string; createdDate: number; modifiedDate: number; digestAlgorithm: "sha256"; nonce: string; lastModifiedHash: string; content: { senderId: string; type: string; removeMessageId: string; }; }' is not assignable to parameter of type 'Message'.
  Type '{ messageId: string; spaceId: string; channelId: string; createdDate: number; modifiedDate: number; digestAlgorithm: "sha256"; nonce: string; lastModifiedHash: string; content: { senderId: string; type: string; removeMessageId: string; }; }' is missing the following properties from type 'Message': reactions, mentions
src/dev/tests/services/SpaceService.unit.test.tsx(40,7): error TS2353: Object literal may only specify known properties, and 'logger' does not exist in type 'QueryClientConfig'.
src/dev/tests/services/SpaceService.unit.test.tsx(156,13): error TS6133: 'spaceId' is declared but its value is never read.
src/dev/tests/services/SpaceService.unit.test.tsx(157,13): error TS6133: 'message' is declared but its value is never read.
src/hooks/business/channels/useChannelMessages.ts(114,6): error TS6133: 'message' is declared but its value is never read.
src/hooks/business/channels/useChannelMessages.ts(135,56): error TS2345: Argument of type 'Space | null' is not assignable to parameter of type 'Space | undefined'.
  Type 'null' is not assignable to type 'Space | undefined'.
src/hooks/business/channels/useChannelPermissions.ts(7,3): error TS6133: 'channelId' is declared but its value is never read.
src/hooks/business/channels/useSpacePermissions.ts(11,28): error TS6133: 'openLeaveSpace' is declared but its value is never read.
src/hooks/business/conversations/useDirectMessageData.ts(6,25): error TS6133: 'truncateAddress' is declared but its value is never read.
src/hooks/business/conversations/useDirectMessageData.ts(35,9): error TS6133: 'self' is declared but its value is never read.
src/hooks/business/mentions/useMentionInput.ts(2,22): error TS7016: Could not find a declaration file for module 'lodash/debounce'. 'D:/GitHub/Quilibrium/quorum-desktop/node_modules/lodash/debounce.js' implicitly has an 'any' type.
  Try `npm i --save-dev @types/lodash` if it exists or add a new declaration (.d.ts) file containing `declare module 'lodash/debounce';`
src/hooks/business/messages/useMessageComposer.ts(6,3): error TS6133: 'StickerMessage' is declared but its value is never read.
src/hooks/business/messages/useMessageComposer.ts(24,5): error TS6133: 'type' is declared but its value is never read.
src/hooks/business/messages/useMessageFormatting.ts(39,10): error TS6133: 'hasMarkdownPatterns' is declared but its value is never read.
src/hooks/business/messages/useMessageInteractions.ts(77,9): error TS6133: 'longPressHandlers' is declared but its value is never read.
src/hooks/business/messages/useMessageInteractions.ts(152,6): error TS6133: 'e' is declared but its value is never read.
src/hooks/business/messages/usePinnedMessages.ts(1,10): error TS6133: 'useState' is declared but its value is never read.
src/hooks/business/messages/usePinnedMessages.ts(1,33): error TS6133: 'useEffect' is declared but its value is never read.
src/hooks/business/messages/usePinnedMessages.ts(172,54): error TS2345: Argument of type 'Space | null | undefined' is not assignable to parameter of type 'Space | undefined'.
  Type 'null' is not assignable to type 'Space | undefined'.
src/hooks/business/messages/usePinnedMessages.ts(235,9): error TS2322: Type '"primary" | "danger"' is not assignable to type '"warning" | "danger" | "info" | undefined'.
  Type '"primary"' is not assignable to type '"warning" | "danger" | "info" | undefined'.
src/hooks/business/messages/useViewportMentionHighlight.ts(58,60): error TS2353: Object literal may only specify known properties, and 'variant' does not exist in type '{ duration?: number | undefined; }'.
src/hooks/business/search/useBatchSearchResultsDisplay.ts(44,42): error TS6133: 'dmResults' is declared but its value is never read.
src/hooks/business/search/useBatchSearchResultsDisplay.ts(44,53): error TS6133: 'spaceResults' is declared but its value is never read.
src/hooks/business/search/useBatchSearchResultsDisplay.ts(140,11): error TS2322: Type 'string' is not assignable to type 'DefaultImages'.
src/hooks/business/search/useBatchSearchResultsDisplay.ts(175,21): error TS7006: Parameter 'g' implicitly has an 'any' type.
src/hooks/business/search/useBatchSearchResultsDisplay.ts(176,33): error TS7006: Parameter 'c' implicitly has an 'any' type.
src/hooks/business/search/useBatchSearchResultsDisplay.ts(178,31): error TS7006: Parameter 'c' implicitly has an 'any' type.
src/hooks/business/search/useBatchSearchResultsDisplay.ts(218,5): error TS2353: Object literal may only specify known properties, and 'triggerFocusMaintenance' does not exist in type 'UseBatchSearchResultsDisplayReturn'.
src/hooks/business/search/useKeyboardShortcuts.native.ts(14,3): error TS6133: 'isFocused' is declared but its value is never read.
src/hooks/business/search/useKeyboardShortcuts.native.ts(15,3): error TS6133: 'onEscape' is declared but its value is never read.
src/hooks/business/search/useSearchResultsOutsideClick.native.ts(1,1): error TS6133: 'useRef' is declared but its value is never read.
src/hooks/business/search/useSearchResultsOutsideClick.native.ts(11,46): error TS6198: All destructured elements are unused.
src/hooks/business/search/useSearchResultsResponsive.native.ts(19,44): error TS6198: All destructured elements are unused.
src/hooks/business/search/useSearchResultsState.ts(2,1): error TS6133: 't' is declared but its value is never read.
src/hooks/business/search/useSearchResultsState.ts(29,3): error TS6133: 'results' is declared but its value is never read.
src/hooks/business/search/useSearchResultsState.ts(30,3): error TS6133: 'isLoading' is declared but its value is never read.
src/hooks/business/search/useSearchResultsState.ts(31,3): error TS6133: 'isError' is declared but its value is never read.
src/hooks/business/search/useSearchResultsState.ts(32,3): error TS6133: 'error' is declared but its value is never read.
src/hooks/business/search/useSearchResultsVirtualization.ts(1,17): error TS6133: 'useMemo' is declared but its value is never read.
src/hooks/business/spaces/useInviteValidation.ts(1,20): error TS6133: 'useEffect' is declared but its value is never read.
src/hooks/business/spaces/useInviteValidation.ts(58,16): error TS2352: Conversion of type '{ [x: string]: string; }' to type 'InviteInfo' may be a mistake because neither type sufficiently overlaps with the other. If this was intentional, convert the expression to 'unknown' first.
  Type '{ [x: string]: string; }' is missing the following properties from type 'InviteInfo': spaceId, configKey
src/hooks/business/spaces/useSpaceCreation.ts(7,1): error TS6133: 'DefaultImages' is declared but its value is never read.
src/hooks/business/spaces/useSpaceDragAndDrop.ts(37,6): error TS6133: 'e' is declared but its value is never read.
src/hooks/business/spaces/useSpaceDragAndDrop.ts(63,9): error TS2741: Property 'address' is missing in type '{ spaceIds: string[]; }' but required in type 'UserConfig'.
src/hooks/business/spaces/useSpaceManagement.ts(53,9): error TS6133: 'keyset' is declared but its value is never read.
src/hooks/business/ui/useAccentColor.ts(26,9): error TS2774: This condition will always return true since this function is always defined. Did you mean to call it instead?
src/hooks/business/ui/useAccentColor.ts(36,9): error TS2774: This condition will always return true since this function is always defined. Did you mean to call it instead?
src/hooks/business/ui/useFileUpload.ts(2,23): error TS6133: 'DropzoneOptions' is declared but its value is never read.
src/hooks/business/ui/useModalManagement.ts(2,1): error TS6133: 'MessageType' is declared but its value is never read.
src/hooks/business/ui/useTooltipInteraction.native.ts(23,10): error TS6133: 'showTooltip' is declared but its value is never read.
src/hooks/business/ui/useTooltipInteraction.native.ts(50,43): error TS6133: 'element' is declared but its value is never read.
src/hooks/business/user/useFileUpload.native.ts(70,18): error TS2345: Argument of type '{ mediaType: "photo"; quality: number; allowsEditing: boolean; maxWidth: number; maxHeight: number; includeBase64: boolean; }' is not assignable to parameter of type 'CameraOptions'.
  Types of property 'quality' are incompatible.
    Type 'number' is not assignable to type 'PhotoQuality | undefined'.
src/hooks/business/user/useFileUpload.native.ts(87,24): error TS2345: Argument of type '{ mediaType: "photo"; quality: number; allowsEditing: boolean; maxWidth: number; maxHeight: number; includeBase64: boolean; }' is not assignable to parameter of type 'ImageLibraryOptions'.
  Types of property 'quality' are incompatible.
    Type 'number' is not assignable to type 'PhotoQuality | undefined'.
src/hooks/business/user/useWebFileUpload.ts(20,40): error TS6133: 'acceptedFiles' is declared but its value is never read.
src/hooks/platform/clipboard/useClipboard.native.ts(9,23): error TS6133: 'text' is declared but its value is never read.
src/hooks/platform/user/usePasskeyAdapter.native.ts(38,7): error TS2322: Type 'boolean | undefined' is not assignable to type 'boolean'.
  Type 'undefined' is not assignable to type 'boolean'.
src/hooks/platform/user/usePasskeyAdapter.web.ts(39,7): error TS2322: Type 'boolean | undefined' is not assignable to type 'boolean'.
  Type 'undefined' is not assignable to type 'boolean'.
src/hooks/queries/channels/buildChannelFetcher.ts(4,4): error TS6198: All destructured elements are unused.
src/hooks/queries/conversations/buildConversationsFetcher.ts(14,7): error TS2322: Type '{ cursor: number | undefined; direction: "forward" | "backward" | undefined; }' is not assignable to type 'number'.
src/hooks/queries/encryptionStates/buildEncryptionStatesFetcher.ts(1,1): error TS6133: 'QuorumApiClient' is declared but its value is never read.
src/hooks/queries/global/buildGlobalFetcher.ts(11,11): error TS18046: 'e' is of type 'unknown'.
src/hooks/queries/inbox/buildInboxFetcher.ts(2,31): error TS2307: Cannot find module '../../../channel/channel' or its corresponding type declarations.
src/hooks/queries/inbox/buildInboxFetcher.ts(20,11): error TS18046: 'e' is of type 'unknown'.
src/hooks/queries/registration/buildRegistrationFetcher.ts(14,11): error TS18046: 'e' is of type 'unknown'.
src/hooks/useLongPress.ts(86,6): error TS6133: 'event' is declared but its value is never read.
src/hooks/useSearchContext.ts(15,28): error TS2344: Type 'RouteParams' does not satisfy the constraint 'string | Record<string, string | undefined>'.
  Type 'RouteParams' is not assignable to type 'Record<string, string | undefined>'.
    Index signature for type 'string' is missing in type 'RouteParams'.
src/services/EncryptionService.ts(4,21): error TS6133: 'EncryptionState' is declared but its value is never read.
src/services/EncryptionService.ts(254,51): error TS6133: 'oldData' is declared but its value is never read.
src/services/MessageService.ts(482,45): error TS6133: 'index' is declared but its value is never read.
src/services/MessageService.ts(533,45): error TS6133: 'index' is declared but its value is never read.
src/services/MessageService.ts(762,47): error TS6133: 'index' is declared but its value is never read.
src/services/MessageService.ts(2802,9): error TS2345: Argument of type 'Space | null' is not assignable to parameter of type 'Space | undefined'.
  Type 'null' is not assignable to type 'Space | undefined'.
src/shims/quilibrium-sdk-channels.native.tsx(94,21): error TS6133: 'message' is declared but its value is never read.
src/shims/quilibrium-sdk-channels.native.tsx(103,21): error TS6133: 'message' is declared but its value is never read.
src/shims/quilibrium-sdk-channels.native.tsx(103,35): error TS6133: 'signature' is declared but its value is never read.
src/shims/quilibrium-sdk-channels.native.tsx(103,51): error TS6133: 'publicKey' is declared but its value is never read.
src/shims/quilibrium-sdk-channels.native.tsx(144,34): error TS6133: 'registration' is declared but its value is never read.
src/shims/quilibrium-sdk-channels.native.tsx(187,43): error TS6133: 'privateKey' is declared but its value is never read.
src/shims/quilibrium-sdk-channels.native.tsx(198,17): error TS6133: 'message' is declared but its value is never read.
src/shims/quilibrium-sdk-channels.native.tsx(198,31): error TS6133: 'privateKey' is declared but its value is never read.
src/shims/quilibrium-sdk-channels.native.tsx(241,5): error TS2322: Type 'string | undefined' is not assignable to type 'string | null'.
  Type 'undefined' is not assignable to type 'string | null'.
src/shims/quilibrium-sdk-channels.native.tsx(264,27): error TS6133: 'data' is declared but its value is never read.
src/shims/quilibrium-sdk-channels.native.tsx(275,7): error TS6133: 'credentialId' is declared but its value is never read.
src/utils/avatar.ts(278,7): error TS6133: 'desaturateColor' is declared but its value is never read.
src/utils/channelPermissions.test.ts(12,17): error TS6133: 'Channel' is declared but its value is never read.
src/utils/channelPermissions.test.ts(12,26): error TS6133: 'Role' is declared but its value is never read.
src/utils/channelPermissions.test.ts(115,1): error TS2582: Cannot find name 'describe'. Do you need to install type definitions for a test runner? Try `npm i --save-dev @types/jest` or `npm i --save-dev @types/mocha`.
src/utils/channelPermissions.test.ts(116,3): error TS2582: Cannot find name 'describe'. Do you need to install type definitions for a test runner? Try `npm i --save-dev @types/jest` or `npm i --save-dev @types/mocha`.
src/utils/channelPermissions.test.ts(117,5): error TS2582: Cannot find name 'test'. Do you need to install type definitions for a test runner? Try `npm i --save-dev @types/jest` or `npm i --save-dev @types/mocha`.
src/utils/channelPermissions.test.ts(127,7): error TS2304: Cannot find name 'expect'.
src/utils/channelPermissions.test.ts(130,5): error TS2582: Cannot find name 'test'. Do you need to install type definitions for a test runner? Try `npm i --save-dev @types/jest` or `npm i --save-dev @types/mocha`.
src/utils/channelPermissions.test.ts(140,7): error TS2304: Cannot find name 'expect'.
src/utils/channelPermissions.test.ts(143,5): error TS2582: Cannot find name 'test'. Do you need to install type definitions for a test runner? Try `npm i --save-dev @types/jest` or `npm i --save-dev @types/mocha`.
src/utils/channelPermissions.test.ts(152,7): error TS2304: Cannot find name 'expect'.
src/utils/channelPermissions.test.ts(155,5): error TS2582: Cannot find name 'test'. Do you need to install type definitions for a test runner? Try `npm i --save-dev @types/jest` or `npm i --save-dev @types/mocha`.
src/utils/channelPermissions.test.ts(179,7): error TS2304: Cannot find name 'expect'.
src/utils/channelPermissions.test.ts(180,7): error TS2304: Cannot find name 'expect'.
src/utils/channelPermissions.test.ts(181,7): error TS2304: Cannot find name 'expect'.
src/utils/channelPermissions.test.ts(185,3): error TS2582: Cannot find name 'describe'. Do you need to install type definitions for a test runner? Try `npm i --save-dev @types/jest` or `npm i --save-dev @types/mocha`.
src/utils/channelPermissions.test.ts(186,5): error TS2582: Cannot find name 'test'. Do you need to install type definitions for a test runner? Try `npm i --save-dev @types/jest` or `npm i --save-dev @types/mocha`.
src/utils/channelPermissions.test.ts(196,7): error TS2304: Cannot find name 'expect'.
src/utils/channelPermissions.test.ts(199,5): error TS2582: Cannot find name 'test'. Do you need to install type definitions for a test runner? Try `npm i --save-dev @types/jest` or `npm i --save-dev @types/mocha`.
src/utils/channelPermissions.test.ts(209,7): error TS2304: Cannot find name 'expect'.
src/utils/channelPermissions.test.ts(212,5): error TS2582: Cannot find name 'test'. Do you need to install type definitions for a test runner? Try `npm i --save-dev @types/jest` or `npm i --save-dev @types/mocha`.
src/utils/channelPermissions.test.ts(221,7): error TS2304: Cannot find name 'expect'.
src/utils/channelPermissions.test.ts(224,5): error TS2582: Cannot find name 'test'. Do you need to install type definitions for a test runner? Try `npm i --save-dev @types/jest` or `npm i --save-dev @types/mocha`.
src/utils/channelPermissions.test.ts(234,7): error TS2304: Cannot find name 'expect'.
src/utils/channelPermissions.test.ts(237,5): error TS2582: Cannot find name 'test'. Do you need to install type definitions for a test runner? Try `npm i --save-dev @types/jest` or `npm i --save-dev @types/mocha`.
src/utils/channelPermissions.test.ts(247,7): error TS2304: Cannot find name 'expect'.
src/utils/channelPermissions.test.ts(250,5): error TS2582: Cannot find name 'test'. Do you need to install type definitions for a test runner? Try `npm i --save-dev @types/jest` or `npm i --save-dev @types/mocha`.
src/utils/channelPermissions.test.ts(259,7): error TS2304: Cannot find name 'expect'.
src/utils/channelPermissions.test.ts(263,3): error TS2582: Cannot find name 'describe'. Do you need to install type definitions for a test runner? Try `npm i --save-dev @types/jest` or `npm i --save-dev @types/mocha`.
src/utils/channelPermissions.test.ts(264,5): error TS2582: Cannot find name 'test'. Do you need to install type definitions for a test runner? Try `npm i --save-dev @types/jest` or `npm i --save-dev @types/mocha`.
src/utils/channelPermissions.test.ts(275,7): error TS2304: Cannot find name 'expect'.
src/utils/channelPermissions.test.ts(276,7): error TS2304: Cannot find name 'expect'.
src/utils/channelPermissions.test.ts(277,7): error TS2304: Cannot find name 'expect'.
src/utils/channelPermissions.test.ts(280,5): error TS2582: Cannot find name 'test'. Do you need to install type definitions for a test runner? Try `npm i --save-dev @types/jest` or `npm i --save-dev @types/mocha`.
src/utils/channelPermissions.test.ts(290,7): error TS2304: Cannot find name 'expect'.
src/utils/channelPermissions.test.ts(291,7): error TS2304: Cannot find name 'expect'.
src/utils/channelPermissions.test.ts(292,7): error TS2304: Cannot find name 'expect'.
src/utils/channelPermissions.test.ts(293,7): error TS2304: Cannot find name 'expect'.
src/utils/channelPermissions.test.ts(296,5): error TS2582: Cannot find name 'test'. Do you need to install type definitions for a test runner? Try `npm i --save-dev @types/jest` or `npm i --save-dev @types/mocha`.
src/utils/channelPermissions.test.ts(307,7): error TS2304: Cannot find name 'expect'.
src/utils/channelPermissions.test.ts(308,7): error TS2304: Cannot find name 'expect'.
src/utils/channelPermissions.test.ts(309,7): error TS2304: Cannot find name 'expect'.
src/utils/channelPermissions.test.ts(313,3): error TS2582: Cannot find name 'describe'. Do you need to install type definitions for a test runner? Try `npm i --save-dev @types/jest` or `npm i --save-dev @types/mocha`.
src/utils/channelPermissions.test.ts(314,5): error TS2582: Cannot find name 'test'. Do you need to install type definitions for a test runner? Try `npm i --save-dev @types/jest` or `npm i --save-dev @types/mocha`.
src/utils/channelPermissions.test.ts(329,7): error TS2304: Cannot find name 'expect'.
src/utils/channelPermissions.test.ts(332,5): error TS2582: Cannot find name 'test'. Do you need to install type definitions for a test runner? Try `npm i --save-dev @types/jest` or `npm i --save-dev @types/mocha`.
src/utils/channelPermissions.test.ts(347,7): error TS2304: Cannot find name 'expect'.
src/utils/channelPermissions.test.ts(351,3): error TS2582: Cannot find name 'describe'. Do you need to install type definitions for a test runner? Try `npm i --save-dev @types/jest` or `npm i --save-dev @types/mocha`.
src/utils/channelPermissions.test.ts(352,5): error TS2582: Cannot find name 'test'. Do you need to install type definitions for a test runner? Try `npm i --save-dev @types/jest` or `npm i --save-dev @types/mocha`.
src/utils/channelPermissions.test.ts(375,7): error TS2304: Cannot find name 'expect'.
src/utils/channelPermissions.test.ts(391,7): error TS2304: Cannot find name 'expect'.
src/utils/channelPermissions.test.ts(403,7): error TS2304: Cannot find name 'expect'.
src/utils/channelPermissions.ts(3,3): error TS6133: 'Role' is declared but its value is never read.
src/utils/channelPermissions.ts(54,40): error TS6133: 'space' is declared but its value is never read.
src/utils/channelPermissions.ts(78,17): error TS6133: 'message' is declared but its value is never read.
src/utils/crypto.native.ts(17,22): error TS7016: Could not find a declaration file for module 'react-native-crypto-js'. 'D:/GitHub/Quilibrium/quorum-desktop/node_modules/react-native-crypto-js/CryptoJS.js' implicitly has an 'any' type.
  Try `npm i --save-dev @types/react-native-crypto-js` if it exists or add a new declaration (.d.ts) file containing `declare module 'react-native-crypto-js';`
src/utils/crypto.native.ts(57,40): error TS7006: Parameter 'byte' implicitly has an 'any' type.
src/utils/markdownFormatting.ts(168,9): error TS6133: 'after' is declared but its value is never read.
src/utils/messagePreview.ts(52,7): error TS2322: Type 'string' is not assignable to type '{ text: string; icon?: string | undefined; }'.
src/utils/modalPositioning.ts(28,5): error TS6133: 'modalHeight' is declared but its value is never read.
src/utils/modalPositioning.ts(30,5): error TS6133: 'viewportHeight' is declared but its value is never read.
src/utils/permissions.ts(82,3): error TS6133: 'targetUserAddress' is declared but its value is never read.
src/utils/platform.native.ts(5,10): error TS2305: Module '"react-native"' has no exported member 'Platform'.
src/utils/platform.native.ts(81,7): error TS2774: This condition will always return true since this function is always defined. Did you mean to call it instead?
src/utils/platform.native.ts(84,7): error TS2774: This condition will always return true since this function is always defined. Did you mean to call it instead?
